// Jest Snapshot v1, https://goo.gl/fbAQLP

exports[`Properly renders passed text 1`] = `
<div>
  <button
    class="button"
  >
    Click me
  </button>
</div>
`;
